// Jest Snapshot v1, https://goo.gl/fbAQLP

exports[`Logo testing 1`] = `
<DocumentFragment>
  <p
    class="sc-bdfBwQ cmpjlk"
  >
    <span
      class="sc-gsTCUz jXGVpS"
    >
      netflix
    </span>
    roulette
  </p>
</DocumentFragment>
`;
